Release 13.2 - xst O.61xd (nt)
Copyright (c) 1995-2011 Xilinx, Inc.  All rights reserved.
--> Parameter TMPDIR set to xst/projnav.tmp


Total REAL time to Xst completion: 0.00 secs
Total CPU time to Xst completion: 0.24 secs
 
--> Parameter xsthdpdir set to xst


Total REAL time to Xst completion: 0.00 secs
Total CPU time to Xst completion: 0.24 secs
 
--> Reading design: main.prj

TABLE OF CONTENTS
  1) Synthesis Options Summary
  2) HDL Parsing
  3) HDL Elaboration
  4) HDL Synthesis
       4.1) HDL Synthesis Report
  5) Advanced HDL Synthesis
       5.1) Advanced HDL Synthesis Report
  6) Low Level Synthesis
  7) Partition Report
  8) Design Summary
       8.1) Primitive and Black Box Usage
       8.2) Device utilization summary
       8.3) Partition Resource Summary
       8.4) Timing Report
            8.4.1) Clock Information
            8.4.2) Asynchronous Control Signals Information
            8.4.3) Timing Summary
            8.4.4) Timing Details
            8.4.5) Cross Clock Domains Report


=========================================================================
*                      Synthesis Options Summary                        *
=========================================================================
---- Source Parameters
Input File Name                    : "main.prj"
Input Format                       : mixed
Ignore Synthesis Constraint File   : NO

---- Target Parameters
Output File Name                   : "main"
Output Format                      : NGC
Target Device                      : xc6slx45-2-csg324

---- Source Options
Top Module Name                    : main
Automatic FSM Extraction           : YES
FSM Encoding Algorithm             : Auto
Safe Implementation                : No
FSM Style                          : LUT
RAM Extraction                     : Yes
RAM Style                          : Auto
ROM Extraction                     : Yes
Shift Register Extraction          : YES
ROM Style                          : Auto
Resource Sharing                   : YES
Asynchronous To Synchronous        : NO
Shift Register Minimum Size        : 2
Use DSP Block                      : Auto
Automatic Register Balancing       : No

---- Target Options
LUT Combining                      : Auto
Reduce Control Sets                : Auto
Add IO Buffers                     : YES
Global Maximum Fanout              : 100000
Add Generic Clock Buffer(BUFG)     : 16
Register Duplication               : YES
Optimize Instantiated Primitives   : NO
Use Clock Enable                   : Auto
Use Synchronous Set                : Auto
Use Synchronous Reset              : Auto
Pack IO Registers into IOBs        : Auto
Equivalent register Removal        : YES

---- General Options
Optimization Goal                  : Speed
Optimization Effort                : 1
Power Reduction                    : NO
Keep Hierarchy                     : No
Netlist Hierarchy                  : As_Optimized
RTL Output                         : Yes
Global Optimization                : AllClockNets
Read Cores                         : YES
Write Timing Constraints           : NO
Cross Clock Analysis               : NO
Hierarchy Separator                : /
Bus Delimiter                      : <>
Case Specifier                     : Maintain
Slice Utilization Ratio            : 100
BRAM Utilization Ratio             : 100
DSP48 Utilization Ratio            : 100
Auto BRAM Packing                  : NO
Slice Utilization Ratio Delta      : 5

---- Other Options
Cores Search Directories           : {"ipcore_dir"  }

=========================================================================


=========================================================================
*                          HDL Parsing                                  *
=========================================================================
Analyzing Verilog file \"\\vboxsrv\cs141shared\cs141\visual2clean\visual2\ipcore_dir\clock_generator.v\" into library work
Parsing module <clock_generator>.
Analyzing Verilog file \"\\vboxsrv\cs141shared\cs141\visual2clean\visual2\ipcore_dir\clock_generator\example_design\clock_generator_exdes.v\" into library work
Parsing module <clock_generator_exdes>.
Analyzing Verilog file \"\\vboxsrv\cs141shared\cs141\visual2clean\visual2\touchpad_controller.v\" into library work
Parsing module <touchpad_controller>.
Analyzing Verilog file \"\\vboxsrv\cs141shared\cs141\visual2clean\visual2\tft_driver.v\" into library work
Parsing module <tft_driver>.
Analyzing Verilog file \"\\vboxsrv\cs141shared\cs141\visual2clean\visual2\main.v\" into library work
Parsing module <main>.

=========================================================================
*                            HDL Elaboration                            *
=========================================================================
WARNING:HDLCompiler:1016 - "\\vboxsrv\cs141shared\cs141\visual2clean\visual2\main.v" Line 36: Port R is not connected to this instance
WARNING:HDLCompiler:1016 - "\\vboxsrv\cs141shared\cs141\visual2clean\visual2\main.v" Line 49: Port switches is not connected to this instance
WARNING:HDLCompiler:1016 - "\\vboxsrv\cs141shared\cs141\visual2clean\visual2\main.v" Line 67: Port counter_num_requests is not connected to this instance

Elaborating module <main>.

Elaborating module <clock_generator>.

Elaborating module <IBUFG>.

Elaborating module <PLL_BASE(BANDWIDTH="OPTIMIZED",CLK_FEEDBACK="CLKFBOUT",COMPENSATION="SYSTEM_SYNCHRONOUS",DIVCLK_DIVIDE=1,CLKFBOUT_MULT=9,CLKFBOUT_PHASE=0.0,CLKOUT0_DIVIDE=9,CLKOUT0_PHASE=0.0,CLKOUT0_DUTY_CYCLE=0.5,CLKOUT1_DIVIDE=9,CLKOUT1_PHASE=180.0,CLKOUT1_DUTY_CYCLE=0.5,CLKOUT2_DIVIDE=100,CLKOUT2_PHASE=0.0,CLKOUT2_DUTY_CYCLE=0.5,CLKOUT3_DIVIDE=100,CLKOUT3_PHASE=180.0,CLKOUT3_DUTY_CYCLE=0.5,CLKIN_PERIOD=10.0,REF_JITTER=0.01)>.
WARNING:HDLCompiler:1127 - "\\vboxsrv\cs141shared\cs141\visual2clean\visual2\ipcore_dir\clock_generator.v" Line 131: Assignment to clkout4_unused ignored, since the identifier is never used
WARNING:HDLCompiler:1127 - "\\vboxsrv\cs141shared\cs141\visual2clean\visual2\ipcore_dir\clock_generator.v" Line 132: Assignment to clkout5_unused ignored, since the identifier is never used

Elaborating module <BUFG>.
WARNING:HDLCompiler:1127 - "\\vboxsrv\cs141shared\cs141\visual2clean\visual2\main.v" Line 34: Assignment to cclk_n ignored, since the identifier is never used

Elaborating module <ODDR2>.

Elaborating module <tft_driver>.
WARNING:HDLCompiler:413 - "\\vboxsrv\cs141shared\cs141\visual2clean\visual2\tft_driver.v" Line 100: Result of 10-bit expression is truncated to fit in 9-bit target.
WARNING:HDLCompiler:413 - "\\vboxsrv\cs141shared\cs141\visual2clean\visual2\tft_driver.v" Line 104: Result of 11-bit expression is truncated to fit in 10-bit target.
WARNING:HDLCompiler:1127 - "\\vboxsrv\cs141shared\cs141\visual2clean\visual2\main.v" Line 61: Assignment to tft_new_frame ignored, since the identifier is never used

Elaborating module <touchpad_controller>.
WARNING:HDLCompiler:413 - "\\vboxsrv\cs141shared\cs141\visual2clean\visual2\touchpad_controller.v" Line 63: Result of 6-bit expression is truncated to fit in 5-bit target.
WARNING:HDLCompiler:413 - "\\vboxsrv\cs141shared\cs141\visual2clean\visual2\touchpad_controller.v" Line 89: Result of 3-bit expression is truncated to fit in 2-bit target.
WARNING:HDLCompiler:532 - "\\vboxsrv\cs141shared\cs141\visual2clean\visual2\touchpad_controller.v" Line 90: Index <14> is out of range [11:0] for signal <last_data>.
WARNING:HDLCompiler:413 - "\\vboxsrv\cs141shared\cs141\visual2clean\visual2\touchpad_controller.v" Line 93: Result of 3-bit expression is truncated to fit in 2-bit target.
WARNING:HDLCompiler:532 - "\\vboxsrv\cs141shared\cs141\visual2clean\visual2\touchpad_controller.v" Line 94: Index <14> is out of range [11:0] for signal <last_data>.
WARNING:HDLCompiler:532 - "\\vboxsrv\cs141shared\cs141\visual2clean\visual2\touchpad_controller.v" Line 98: Index <14> is out of range [11:0] for signal <last_data>.
WARNING:HDLCompiler:413 - "\\vboxsrv\cs141shared\cs141\visual2clean\visual2\touchpad_controller.v" Line 103: Result of 5-bit expression is truncated to fit in 4-bit target.
WARNING:HDLCompiler:413 - "\\vboxsrv\cs141shared\cs141\visual2clean\visual2\touchpad_controller.v" Line 106: Result of 6-bit expression is truncated to fit in 5-bit target.
WARNING:HDLCompiler:189 - "\\vboxsrv\cs141shared\cs141\visual2clean\visual2\main.v" Line 73: Size mismatch in connection of port <x>. Formal port size is 12-bit while actual signal size is 9-bit.
WARNING:HDLCompiler:189 - "\\vboxsrv\cs141shared\cs141\visual2clean\visual2\main.v" Line 74: Size mismatch in connection of port <y>. Formal port size is 12-bit while actual signal size is 9-bit.
WARNING:HDLCompiler:189 - "\\vboxsrv\cs141shared\cs141\visual2clean\visual2\main.v" Line 75: Size mismatch in connection of port <z>. Formal port size is 12-bit while actual signal size is 9-bit.
WARNING:HDLCompiler:1127 - "\\vboxsrv\cs141shared\cs141\visual2clean\visual2\main.v" Line 75: Assignment to touch_z ignored, since the identifier is never used
WARNING:HDLCompiler:552 - "\\vboxsrv\cs141shared\cs141\visual2clean\visual2\main.v" Line 49: Input port switches[7] is not connected on this instance

=========================================================================
*                           HDL Synthesis                               *
=========================================================================

Synthesizing Unit <main>.
    Related source file is "//vboxsrv/cs141shared/cs141/visual2clean/visual2/main.v".
WARNING:Xst:2898 - Port 'switches', unconnected in block instance 'TFT', is tied to GND.
WARNING:Xst:647 - Input <switch<7:0>> is never used. This port will be preserved and left unconnected if it belongs to a top-level block or it belongs to a sub-block and the hierarchy of this sub-block is preserved.
WARNING:Xst:647 - Input <button_up> is never used. This port will be preserved and left unconnected if it belongs to a top-level block or it belongs to a sub-block and the hierarchy of this sub-block is preserved.
WARNING:Xst:647 - Input <button_down> is never used. This port will be preserved and left unconnected if it belongs to a top-level block or it belongs to a sub-block and the hierarchy of this sub-block is preserved.
WARNING:Xst:647 - Input <button_right> is never used. This port will be preserved and left unconnected if it belongs to a top-level block or it belongs to a sub-block and the hierarchy of this sub-block is preserved.
WARNING:Xst:647 - Input <button_left> is never used. This port will be preserved and left unconnected if it belongs to a top-level block or it belongs to a sub-block and the hierarchy of this sub-block is preserved.
WARNING:Xst:647 - Input <button_center> is never used. This port will be preserved and left unconnected if it belongs to a top-level block or it belongs to a sub-block and the hierarchy of this sub-block is preserved.
INFO:Xst:3210 - "//vboxsrv/cs141shared/cs141/visual2clean/visual2/main.v" line 34: Output port <CLK_100M_n> of the instance <CLOCK_GEN> is unconnected or connected to loadless signal.
INFO:Xst:3210 - "//vboxsrv/cs141shared/cs141/visual2clean/visual2/main.v" line 34: Output port <LOCKED> of the instance <CLOCK_GEN> is unconnected or connected to loadless signal.
INFO:Xst:3210 - "//vboxsrv/cs141shared/cs141/visual2clean/visual2/main.v" line 49: Output port <x> of the instance <TFT> is unconnected or connected to loadless signal.
INFO:Xst:3210 - "//vboxsrv/cs141shared/cs141/visual2clean/visual2/main.v" line 49: Output port <y> of the instance <TFT> is unconnected or connected to loadless signal.
INFO:Xst:3210 - "//vboxsrv/cs141shared/cs141/visual2clean/visual2/main.v" line 49: Output port <new_frame> of the instance <TFT> is unconnected or connected to loadless signal.
INFO:Xst:3210 - "//vboxsrv/cs141shared/cs141/visual2clean/visual2/main.v" line 67: Output port <z> of the instance <TOUCH> is unconnected or connected to loadless signal.
INFO:Xst:3210 - "//vboxsrv/cs141shared/cs141/visual2clean/visual2/main.v" line 67: Output port <counter_num_requests> of the instance <TOUCH> is unconnected or connected to loadless signal.
INFO:Xst:3210 - "//vboxsrv/cs141shared/cs141/visual2clean/visual2/main.v" line 67: Output port <counter_per_request> of the instance <TOUCH> is unconnected or connected to loadless signal.
INFO:Xst:3210 - "//vboxsrv/cs141shared/cs141/visual2clean/visual2/main.v" line 67: Output port <counter_type> of the instance <TOUCH> is unconnected or connected to loadless signal.
INFO:Xst:3210 - "//vboxsrv/cs141shared/cs141/visual2clean/visual2/main.v" line 67: Output port <last_data> of the instance <TOUCH> is unconnected or connected to loadless signal.
INFO:Xst:3210 - "//vboxsrv/cs141shared/cs141/visual2clean/visual2/main.v" line 67: Output port <sum_data> of the instance <TOUCH> is unconnected or connected to loadless signal.
    Summary:
	no macro.
Unit <main> synthesized.

Synthesizing Unit <clock_generator>.
    Related source file is "//vboxsrv/cs141shared/cs141/visual2clean/visual2/ipcore_dir/clock_generator.v".
    Summary:
	no macro.
Unit <clock_generator> synthesized.

Synthesizing Unit <tft_driver>.
    Related source file is "//vboxsrv/cs141shared/cs141/visual2clean/visual2/tft_driver.v".
WARNING:Xst:647 - Input <switches<7:0>> is never used. This port will be preserved and left unconnected if it belongs to a top-level block or it belongs to a sub-block and the hierarchy of this sub-block is preserved.
WARNING:Xst:647 - Input <cclk> is never used. This port will be preserved and left unconnected if it belongs to a top-level block or it belongs to a sub-block and the hierarchy of this sub-block is preserved.
    Register <tft_display> equivalent to <tft_vdd> has been removed
    Found 1-bit register for signal <tft_vdd>.
    Found 10-bit register for signal <x>.
    Found 9-bit register for signal <y>.
    Found 10-bit adder for signal <rect_x_max> created at line 48.
    Found 10-bit adder for signal <rect_y_max> created at line 50.
    Found 9-bit adder for signal <y[8]_GND_7_o_add_25_OUT> created at line 100.
    Found 10-bit adder for signal <x[9]_GND_7_o_add_27_OUT> created at line 104.
    Found 10-bit comparator greater for signal <x[9]_GND_7_o_LessThan_11_o> created at line 65
    Found 9-bit comparator greater for signal <y[8]_PWR_7_o_LessThan_12_o> created at line 65
    Found 10-bit comparator greater for signal <x[9]_rect_x_max[9]_LessThan_13_o> created at line 66
    Found 10-bit comparator greater for signal <rect_x_min[9]_x[9]_LessThan_14_o> created at line 66
    Found 10-bit comparator greater for signal <GND_7_o_rect_y_max[9]_LessThan_15_o> created at line 66
    Found 10-bit comparator greater for signal <rect_y_min[9]_GND_7_o_LessThan_16_o> created at line 66
    Summary:
	inferred   4 Adder/Subtractor(s).
	inferred  20 D-type flip-flop(s).
	inferred   6 Comparator(s).
	inferred   3 Multiplexer(s).
Unit <tft_driver> synthesized.

Synthesizing Unit <touchpad_controller>.
    Related source file is "//vboxsrv/cs141shared/cs141/visual2clean/visual2/touchpad_controller.v".
WARNING:Xst:647 - Input <touch_busy> is never used. This port will be preserved and left unconnected if it belongs to a top-level block or it belongs to a sub-block and the hierarchy of this sub-block is preserved.
    Found 12-bit register for signal <y>.
    Found 12-bit register for signal <z>.
    Found 12-bit register for signal <last_data>.
    Found 15-bit register for signal <sum_data>.
    Found 4-bit register for signal <counter_num_requests>.
    Found 5-bit register for signal <counter_per_request>.
    Found 2-bit register for signal <counter_type>.
    Found 1-bit register for signal <touch_csb>.
    Found 5-bit register for signal <clk_div_counter>.
    Found 1-bit register for signal <touch_clk>.
    Found 1-bit register for signal <data_out>.
    Found 12-bit register for signal <x>.
    Found 5-bit subtractor for signal <counter_per_request[4]_GND_8_o_sub_56_OUT> created at line 111.
    Found 5-bit adder for signal <clk_div_counter[4]_GND_8_o_add_5_OUT> created at line 63.
    Found 15-bit adder for signal <sum_data[14]_GND_8_o_add_16_OUT> created at line 81.
    Found 2-bit adder for signal <counter_type[1]_GND_8_o_add_21_OUT> created at line 93.
    Found 4-bit adder for signal <counter_num_requests[3]_GND_8_o_add_29_OUT> created at line 103.
    Found 5-bit adder for signal <counter_per_request[4]_GND_8_o_add_36_OUT> created at line 106.
    Found 5-bit subtractor for signal <GND_8_o_GND_8_o_sub_14_OUT<4:0>> created at line 74.
    Found 32x3-bit Read Only RAM for signal <_n0349>
    Found 5-bit comparator lessequal for signal <n0054> created at line 110
    Found 5-bit comparator greater for signal <counter_per_request[4]_PWR_8_o_LessThan_55_o> created at line 110
    Found 5-bit comparator lessequal for signal <n0059> created at line 111
    Summary:
	inferred   1 RAM(s).
	inferred   7 Adder/Subtractor(s).
	inferred  82 D-type flip-flop(s).
	inferred   3 Comparator(s).
	inferred  22 Multiplexer(s).
Unit <touchpad_controller> synthesized.

=========================================================================
HDL Synthesis Report

Macro Statistics
# RAMs                                                 : 1
 32x3-bit single-port Read Only RAM                    : 1
# Adders/Subtractors                                   : 11
 10-bit adder                                          : 3
 15-bit adder                                          : 1
 2-bit adder                                           : 1
 4-bit adder                                           : 1
 5-bit adder                                           : 2
 5-bit subtractor                                      : 2
 9-bit adder                                           : 1
# Registers                                            : 15
 1-bit register                                        : 4
 10-bit register                                       : 1
 12-bit register                                       : 4
 15-bit register                                       : 1
 2-bit register                                        : 1
 4-bit register                                        : 1
 5-bit register                                        : 2
 9-bit register                                        : 1
# Comparators                                          : 9
 10-bit comparator greater                             : 5
 5-bit comparator greater                              : 1
 5-bit comparator lessequal                            : 2
 9-bit comparator greater                              : 1
# Multiplexers                                         : 25
 1-bit 2-to-1 multiplexer                              : 14
 12-bit 2-to-1 multiplexer                             : 4
 15-bit 2-to-1 multiplexer                             : 1
 3-bit 2-to-1 multiplexer                              : 3
 4-bit 2-to-1 multiplexer                              : 1
 5-bit 2-to-1 multiplexer                              : 2

=========================================================================

=========================================================================
*                       Advanced HDL Synthesis                          *
=========================================================================

INFO:Xst:2261 - The FF/Latch <x_9> in Unit <TOUCH> is equivalent to the following 2 FFs/Latches, which will be removed : <x_10> <x_11> 
INFO:Xst:2261 - The FF/Latch <y_9> in Unit <TOUCH> is equivalent to the following 2 FFs/Latches, which will be removed : <y_10> <y_11> 
WARNING:Xst:2677 - Node <y_9> of sequential type is unconnected in block <TOUCH>.
WARNING:Xst:2677 - Node <x_9> of sequential type is unconnected in block <TOUCH>.
WARNING:Xst:2404 -  FFs/Latches <z<11:9>> (without init value) have a constant value of 0 in block <touchpad_controller>.
WARNING:Xst:2404 -  FFs/Latches <y<11:9>> (without init value) have a constant value of 0 in block <touchpad_controller>.
WARNING:Xst:2404 -  FFs/Latches <x<11:9>> (without init value) have a constant value of 0 in block <touchpad_controller>.

Synthesizing (advanced) Unit <tft_driver>.
The following registers are absorbed into counter <x>: 1 register on signal <x>.
The following registers are absorbed into counter <y>: 1 register on signal <y>.
Unit <tft_driver> synthesized (advanced).

Synthesizing (advanced) Unit <touchpad_controller>.
The following registers are absorbed into accumulator <sum_data>: 1 register on signal <sum_data>.
The following registers are absorbed into counter <clk_div_counter>: 1 register on signal <clk_div_counter>.
The following registers are absorbed into counter <counter_num_requests>: 1 register on signal <counter_num_requests>.
The following registers are absorbed into counter <counter_per_request>: 1 register on signal <counter_per_request>.
INFO:Xst:3218 - HDL ADVISOR - The RAM <Mram__n0349> will be implemented on LUTs either because you have described an asynchronous read or because of currently unsupported block RAM features. If you have described an asynchronous read, making it synchronous would allow you to take advantage of available block RAM resources, for optimized device usage and improved timings. Please refer to your documentation for coding guidelines.
    -----------------------------------------------------------------------
    | ram_type           | Distributed                         |          |
    -----------------------------------------------------------------------
    | Port A                                                              |
    |     aspect ratio   | 32-word x 3-bit                     |          |
    |     weA            | connected to signal <GND>           | high     |
    |     addrA          | connected to signal <GND_8_o_GND_8_o_sub_14_OUT> |          |
    |     diA            | connected to signal <GND>           |          |
    |     doA            | connected to internal node          |          |
    -----------------------------------------------------------------------
Unit <touchpad_controller> synthesized (advanced).

=========================================================================
Advanced HDL Synthesis Report

Macro Statistics
# RAMs                                                 : 1
 32x3-bit single-port distributed Read Only RAM        : 1
# Adders/Subtractors                                   : 5
 10-bit adder                                          : 2
 2-bit adder                                           : 1
 5-bit subtractor                                      : 2
# Counters                                             : 5
 10-bit up counter                                     : 1
 4-bit up counter                                      : 1
 5-bit up counter                                      : 2
 9-bit up counter                                      : 1
# Accumulators                                         : 1
 15-bit up loadable accumulator                        : 1
# Registers                                            : 45
 Flip-Flops                                            : 45
# Comparators                                          : 9
 10-bit comparator greater                             : 5
 5-bit comparator greater                              : 1
 5-bit comparator lessequal                            : 2
 9-bit comparator greater                              : 1
# Multiplexers                                         : 19
 1-bit 2-to-1 multiplexer                              : 12
 12-bit 2-to-1 multiplexer                             : 4
 3-bit 2-to-1 multiplexer                              : 3

=========================================================================

=========================================================================
*                         Low Level Synthesis                           *
=========================================================================
INFO:Xst:1901 - Instance CLOCK_GEN/pll_base_inst in unit CLOCK_GEN/pll_base_inst of type PLL_BASE has been replaced by PLL_ADV

Optimizing unit <main> ...

Optimizing unit <tft_driver> ...

Optimizing unit <touchpad_controller> ...
WARNING:Xst:1710 - FF/Latch <counter_num_requests_3> (without init value) has a constant value of 0 in block <touchpad_controller>. This FF/Latch will be trimmed during the optimization process.
WARNING:Xst:2677 - Node <TOUCH/sum_data_14> of sequential type is unconnected in block <main>.
WARNING:Xst:2677 - Node <TOUCH/sum_data_13> of sequential type is unconnected in block <main>.
WARNING:Xst:2677 - Node <TOUCH/sum_data_12> of sequential type is unconnected in block <main>.
WARNING:Xst:2677 - Node <TOUCH/sum_data_11> of sequential type is unconnected in block <main>.
WARNING:Xst:2677 - Node <TOUCH/sum_data_10> of sequential type is unconnected in block <main>.
WARNING:Xst:2677 - Node <TOUCH/sum_data_9> of sequential type is unconnected in block <main>.
WARNING:Xst:2677 - Node <TOUCH/sum_data_8> of sequential type is unconnected in block <main>.
WARNING:Xst:2677 - Node <TOUCH/sum_data_7> of sequential type is unconnected in block <main>.
WARNING:Xst:2677 - Node <TOUCH/sum_data_6> of sequential type is unconnected in block <main>.
WARNING:Xst:2677 - Node <TOUCH/sum_data_5> of sequential type is unconnected in block <main>.
WARNING:Xst:2677 - Node <TOUCH/sum_data_4> of sequential type is unconnected in block <main>.
WARNING:Xst:2677 - Node <TOUCH/sum_data_3> of sequential type is unconnected in block <main>.
WARNING:Xst:2677 - Node <TOUCH/sum_data_2> of sequential type is unconnected in block <main>.
WARNING:Xst:2677 - Node <TOUCH/sum_data_1> of sequential type is unconnected in block <main>.
WARNING:Xst:2677 - Node <TOUCH/sum_data_0> of sequential type is unconnected in block <main>.
WARNING:Xst:2677 - Node <TOUCH/z_8> of sequential type is unconnected in block <main>.
WARNING:Xst:2677 - Node <TOUCH/z_7> of sequential type is unconnected in block <main>.
WARNING:Xst:2677 - Node <TOUCH/z_6> of sequential type is unconnected in block <main>.
WARNING:Xst:2677 - Node <TOUCH/z_5> of sequential type is unconnected in block <main>.
WARNING:Xst:2677 - Node <TOUCH/z_4> of sequential type is unconnected in block <main>.
WARNING:Xst:2677 - Node <TOUCH/z_3> of sequential type is unconnected in block <main>.
WARNING:Xst:2677 - Node <TOUCH/z_2> of sequential type is unconnected in block <main>.
WARNING:Xst:2677 - Node <TOUCH/z_1> of sequential type is unconnected in block <main>.
WARNING:Xst:2677 - Node <TOUCH/z_0> of sequential type is unconnected in block <main>.
WARNING:Xst:2677 - Node <TOUCH/last_data_2> of sequential type is unconnected in block <main>.
WARNING:Xst:2677 - Node <TOUCH/last_data_1> of sequential type is unconnected in block <main>.
WARNING:Xst:2677 - Node <TOUCH/last_data_0> of sequential type is unconnected in block <main>.

Mapping all equations...
Building and optimizing final netlist ...
Found area constraint ratio of 100 (+ 5) on block main, actual ratio is 0.
FlipFlop TFT/tft_vdd has been replicated 1 time(s) to handle iob=true attribute.

Final Macro Processing ...

=========================================================================
Final Register Report

Macro Statistics
# Registers                                            : 66
 Flip-Flops                                            : 66

=========================================================================

=========================================================================
*                           Partition Report                            *
=========================================================================

Partition Implementation Status
-------------------------------

  No Partitions were found in this design.

-------------------------------

=========================================================================
*                            Design Summary                             *
=========================================================================

Top Level Output File Name         : main.ngc

Primitive and Black Box Usage:
------------------------------
# BELS                             : 247
#      GND                         : 1
#      INV                         : 7
#      LUT1                        : 17
#      LUT2                        : 21
#      LUT3                        : 10
#      LUT4                        : 48
#      LUT5                        : 18
#      LUT6                        : 72
#      MUXCY                       : 33
#      VCC                         : 1
#      XORCY                       : 19
# FlipFlops/Latches                : 67
#      FD                          : 23
#      FDE                         : 1
#      FDR                         : 6
#      FDRE                        : 36
#      ODDR2                       : 1
# Clock Buffers                    : 5
#      BUFG                        : 5
# IO Buffers                       : 51
#      IBUF                        : 2
#      IBUFG                       : 1
#      OBUF                        : 48
# Others                           : 1
#      PLL_ADV                     : 1

Device utilization summary:
---------------------------

Selected Device : 6slx45csg324-2 


Slice Logic Utilization: 
 Number of Slice Registers:              64  out of  54576     0%  
 Number of Slice LUTs:                  193  out of  27288     0%  
    Number used as Logic:               193  out of  27288     0%  

Slice Logic Distribution: 
 Number of LUT Flip Flop pairs used:    194
   Number with an unused Flip Flop:     130  out of    194    67%  
   Number with an unused LUT:             1  out of    194     0%  
   Number of fully used LUT-FF pairs:    63  out of    194    32%  
   Number of unique control sets:         9

IO Utilization: 
 Number of IOs:                          65
 Number of bonded IOBs:                  51  out of    218    23%  
    IOB Flip Flops/Latches:               3

Specific Feature Utilization:
 Number of BUFG/BUFGCTRLs:                5  out of     16    31%  
 Number of PLL_ADVs:                      1  out of      4    25%  

---------------------------
Partition Resource Summary:
---------------------------

  No Partitions were found in this design.

---------------------------


=========================================================================
Timing Report

NOTE: THESE TIMING NUMBERS ARE ONLY A SYNTHESIS ESTIMATE.
      FOR ACCURATE TIMING INFORMATION PLEASE REFER TO THE TRACE REPORT
      GENERATED AFTER PLACE-and-ROUTE.

Clock Information:
------------------
-----------------------------------+------------------------+-------+
Clock Signal                       | Clock buffer(FF name)  | Load  |
-----------------------------------+------------------------+-------+
CLOCK_GEN/pll_base_inst/CLKOUT2    | BUFG                   | 22    |
CLOCK_GEN/pll_base_inst/CLKOUT3    | BUFG                   | 1     |
CLOCK_GEN/pll_base_inst/CLKOUT0    | BUFG                   | 45    |
-----------------------------------+------------------------+-------+

Asynchronous Control Signals Information:
----------------------------------------
No asynchronous control signals found in this design

Timing Summary:
---------------
Speed Grade: -2

   Minimum period: 4.677ns (Maximum Frequency: 213.812MHz)
   Minimum input arrival time before clock: 4.719ns
   Maximum output required time after clock: 9.934ns
   Maximum combinational path delay: No path found

Timing Details:
---------------
All values displayed in nanoseconds (ns)

=========================================================================
Timing constraint: Default period analysis for Clock 'CLOCK_GEN/pll_base_inst/CLKOUT0'
  Clock period: 4.261ns (frequency: 234.691MHz)
  Total number of paths / destination ports: 636 / 81
-------------------------------------------------------------------------
Delay:               4.261ns (Levels of Logic = 2)
  Source:            TOUCH/touch_clk (FF)
  Destination:       TOUCH/last_data_4 (FF)
  Source Clock:      CLOCK_GEN/pll_base_inst/CLKOUT0 rising
  Destination Clock: CLOCK_GEN/pll_base_inst/CLKOUT0 rising

  Data Path: TOUCH/touch_clk to TOUCH/last_data_4
                                Gate     Net
    Cell:in->out      fanout   Delay   Delay  Logical Name (Net Name)
    ----------------------------------------  ------------
     FDRE:C->Q            36   0.525   2.042  TOUCH/touch_clk (TOUCH/touch_clk)
     LUT6:I0->O            1   0.254   1.112  TOUCH/Mmux_last_data[11]_last_data[11]_mux_59_OUT72_G (N59)
     LUT6:I1->O            1   0.254   0.000  TOUCH/Mmux_last_data[11]_last_data[11]_mux_59_OUT73 (TOUCH/last_data[11]_last_data[11]_mux_59_OUT<4>)
     FDRE:D                    0.074          TOUCH/last_data_4
    ----------------------------------------
    Total                      4.261ns (1.107ns logic, 3.154ns route)
                                       (26.0% logic, 74.0% route)

=========================================================================
Timing constraint: Default period analysis for Clock 'CLOCK_GEN/pll_base_inst/CLKOUT2'
  Clock period: 4.677ns (frequency: 213.812MHz)
  Total number of paths / destination ports: 478 / 19
-------------------------------------------------------------------------
Delay:               4.677ns (Levels of Logic = 3)
  Source:            TFT/x_8 (FF)
  Destination:       TFT/y_0 (FF)
  Source Clock:      CLOCK_GEN/pll_base_inst/CLKOUT2 rising
  Destination Clock: CLOCK_GEN/pll_base_inst/CLKOUT2 rising

  Data Path: TFT/x_8 to TFT/y_0
                                Gate     Net
    Cell:in->out      fanout   Delay   Delay  Logical Name (Net Name)
    ----------------------------------------  ------------
     FD:C->Q               5   0.525   1.271  TFT/x_8 (TFT/x_8)
     LUT5:I0->O           12   0.254   1.069  TFT/Mcount_y_val1_SW0 (N6)
     LUT6:I5->O            9   0.254   0.976  TFT/Mcount_x_val1 (TFT/Mcount_x_val)
     LUT2:I1->O            1   0.254   0.000  TFT/x_9_rstpot (TFT/x_9_rstpot)
     FD:D                      0.074          TFT/x_9
    ----------------------------------------
    Total                      4.677ns (1.361ns logic, 3.316ns route)
                                       (29.1% logic, 70.9% route)

=========================================================================
Timing constraint: Default OFFSET IN BEFORE for Clock 'CLOCK_GEN/pll_base_inst/CLKOUT2'
  Total number of paths / destination ports: 21 / 21
-------------------------------------------------------------------------
Offset:              4.349ns (Levels of Logic = 3)
  Source:            rstb (PAD)
  Destination:       TFT/y_0 (FF)
  Destination Clock: CLOCK_GEN/pll_base_inst/CLKOUT2 rising

  Data Path: rstb to TFT/y_0
                                Gate     Net
    Cell:in->out      fanout   Delay   Delay  Logical Name (Net Name)
    ----------------------------------------  ------------
     IBUF:I->O            10   1.328   1.463  rstb_IBUF (rstb_IBUF)
     LUT6:I0->O            9   0.254   0.976  TFT/Mcount_x_val1 (TFT/Mcount_x_val)
     LUT2:I1->O            1   0.254   0.000  TFT/x_9_rstpot (TFT/x_9_rstpot)
     FD:D                      0.074          TFT/x_9
    ----------------------------------------
    Total                      4.349ns (1.910ns logic, 2.439ns route)
                                       (43.9% logic, 56.1% route)

=========================================================================
Timing constraint: Default OFFSET IN BEFORE for Clock 'CLOCK_GEN/pll_base_inst/CLKOUT0'
  Total number of paths / destination ports: 54 / 54
-------------------------------------------------------------------------
Offset:              4.719ns (Levels of Logic = 2)
  Source:            rstb (PAD)
  Destination:       TOUCH/clk_div_counter_4 (FF)
  Destination Clock: CLOCK_GEN/pll_base_inst/CLKOUT0 rising

  Data Path: rstb to TOUCH/clk_div_counter_4
                                Gate     Net
    Cell:in->out      fanout   Delay   Delay  Logical Name (Net Name)
    ----------------------------------------  ------------
     IBUF:I->O            10   1.328   1.007  rstb_IBUF (rstb_IBUF)
     INV:I->O             41   0.255   1.670  reset1_INV_0 (reset)
     FDRE:R                    0.459          TOUCH/x_0
    ----------------------------------------
    Total                      4.719ns (2.042ns logic, 2.677ns route)
                                       (43.3% logic, 56.7% route)

=========================================================================
Timing constraint: Default OFFSET OUT AFTER for Clock 'CLOCK_GEN/pll_base_inst/CLKOUT2'
  Total number of paths / destination ports: 652 / 11
-------------------------------------------------------------------------
Offset:              8.841ns (Levels of Logic = 4)
  Source:            TFT/x_5 (FF)
  Destination:       tft_red<7> (PAD)
  Source Clock:      CLOCK_GEN/pll_base_inst/CLKOUT2 rising

  Data Path: TFT/x_5 to tft_red<7>
                                Gate     Net
    Cell:in->out      fanout   Delay   Delay  Logical Name (Net Name)
    ----------------------------------------  ------------
     FD:C->Q              11   0.525   1.469  TFT/x_5 (TFT/x_5)
     LUT5:I0->O            1   0.254   1.137  TFT/tft_blue<6>3_SW0 (N2)
     LUT6:I0->O            3   0.254   1.196  TFT/tft_blue<6>3 (tft_data_ena_OBUF)
     LUT5:I0->O            5   0.254   0.840  TFT/tft_green<6>1 (tft_green_5_OBUF)
     OBUF:I->O                 2.912          tft_red_7_OBUF (tft_red<7>)
    ----------------------------------------
    Total                      8.841ns (4.199ns logic, 4.642ns route)
                                       (47.5% logic, 52.5% route)

=========================================================================
Timing constraint: Default OFFSET OUT AFTER for Clock 'CLOCK_GEN/pll_base_inst/CLKOUT0'
  Total number of paths / destination ports: 1123 / 11
-------------------------------------------------------------------------
Offset:              9.934ns (Levels of Logic = 6)
  Source:            TOUCH/x_5 (FF)
  Destination:       tft_red<7> (PAD)
  Source Clock:      CLOCK_GEN/pll_base_inst/CLKOUT0 rising

  Data Path: TOUCH/x_5 to tft_red<7>
                                Gate     Net
    Cell:in->out      fanout   Delay   Delay  Logical Name (Net Name)
    ----------------------------------------  ------------
     FDRE:C->Q             8   0.525   1.374  TOUCH/x_5 (TOUCH/x_5)
     LUT5:I0->O            2   0.254   1.002  TFT/Madd_rect_x_max_xor<6>11 (TFT/rect_x_max<6>)
     LUT4:I0->O            1   0.254   0.000  TFT/Mcompar_x[9]_rect_x_max[9]_LessThan_13_o_lut<3> (TFT/Mcompar_x[9]_rect_x_max[9]_LessThan_13_o_lut<3>)
     MUXCY:S->O            1   0.427   1.112  TFT/Mcompar_x[9]_rect_x_max[9]_LessThan_13_o_cy<3> (TFT/Mcompar_x[9]_rect_x_max[9]_LessThan_13_o_cy<3>)
     LUT6:I1->O            2   0.254   0.726  TFT/Mcompar_x[9]_rect_x_max[9]_LessThan_13_o_cy<4> (TFT/Mcompar_x[9]_rect_x_max[9]_LessThan_13_o_cy<4>)
     LUT5:I4->O            5   0.254   0.840  TFT/tft_green<6>1 (tft_green_5_OBUF)
     OBUF:I->O                 2.912          tft_red_7_OBUF (tft_red<7>)
    ----------------------------------------
    Total                      9.934ns (4.880ns logic, 5.054ns route)
                                       (49.1% logic, 50.9% route)

=========================================================================

Cross Clock Domains Report:
--------------------------

Clock to Setup on destination clock CLOCK_GEN/pll_base_inst/CLKOUT0
-------------------------------+---------+---------+---------+---------+
                               | Src:Rise| Src:Fall| Src:Rise| Src:Fall|
Source Clock                   |Dest:Rise|Dest:Rise|Dest:Fall|Dest:Fall|
-------------------------------+---------+---------+---------+---------+
CLOCK_GEN/pll_base_inst/CLKOUT0|    4.261|         |         |         |
-------------------------------+---------+---------+---------+---------+

Clock to Setup on destination clock CLOCK_GEN/pll_base_inst/CLKOUT2
-------------------------------+---------+---------+---------+---------+
                               | Src:Rise| Src:Fall| Src:Rise| Src:Fall|
Source Clock                   |Dest:Rise|Dest:Rise|Dest:Fall|Dest:Fall|
-------------------------------+---------+---------+---------+---------+
CLOCK_GEN/pll_base_inst/CLKOUT2|    4.677|         |         |         |
-------------------------------+---------+---------+---------+---------+

=========================================================================


Total REAL time to Xst completion: 13.00 secs
Total CPU time to Xst completion: 12.63 secs
 
--> 

Total memory usage is 136624 kilobytes

Number of errors   :    0 (   0 filtered)
Number of warnings :   65 (   0 filtered)
Number of infos    :   15 (   0 filtered)

