--------------------------------------------------------------------------------
Release 13.2 Trace  (nt)
Copyright (c) 1995-2011 Xilinx, Inc.  All rights reserved.

C:\Xilinx\13.2\ISE_DS\ISE\bin\nt\unwrapped\trce.exe -intstyle ise -v 3 -s 2 -n
3 -fastpaths -xml main.twx main.ncd -o main.twr main.pcf -ucf atlys.ucf

Design file:              main.ncd
Physical constraint file: main.pcf
Device,package,speed:     xc6slx45,csg324,C,-2 (PRODUCTION 1.19 2011-06-20)
Report level:             verbose report

Environment Variable      Effect 
--------------------      ------ 
NONE                      No environment variables were set
--------------------------------------------------------------------------------

INFO:Timing:2698 - No timing constraints found, doing default enumeration.
INFO:Timing:2752 - To get complete path coverage, use the unconstrained paths 
   option. All paths that are not constrained will be reported in the 
   unconstrained paths section(s) of the report.
INFO:Timing:3339 - The clock-to-out numbers in this timing report are based on 
   a 50 Ohm transmission line loading model.  For the details of this model, 
   and for more information on accounting for different loading conditions, 
   please see the device datasheet.



Data Sheet report:
-----------------
All values displayed in nanoseconds (ns)

Setup/Hold to clock unbuf_clk
--------------+------------+------------+------------+------------+------------------+--------+
              |Max Setup to|  Process   |Max Hold to |  Process   |                  | Clock  |
Source        | clk (edge) |   Corner   | clk (edge) |   Corner   |Internal Clock(s) | Phase  |
--------------+------------+------------+------------+------------+------------------+--------+
rstb          |    6.955(R)|      SLOW  |   -1.935(R)|      FAST  |cclk              |   0.000|
              |    6.681(R)|      SLOW  |   -0.401(R)|      FAST  |tft_clk_buf       |   0.000|
touch_data_out|    4.992(R)|      SLOW  |   -1.867(R)|      FAST  |cclk              |   0.000|
--------------+------------+------------+------------+------------+------------------+--------+

Clock unbuf_clk to Pad
-------------+-----------------+------------+-----------------+------------+------------------+--------+
             |Max (slowest) clk|  Process   |Min (fastest) clk|  Process   |                  | Clock  |
Destination  |  (edge) to PAD  |   Corner   |  (edge) to PAD  |   Corner   |Internal Clock(s) | Phase  |
-------------+-----------------+------------+-----------------+------------+------------------+--------+
tft_blue<5>  |        12.775(R)|      SLOW  |         4.110(R)|      FAST  |cclk              |   0.000|
             |        12.084(R)|      SLOW  |         4.109(R)|      FAST  |tft_clk_buf       |   0.000|
tft_blue<6>  |        12.606(R)|      SLOW  |         4.042(R)|      FAST  |cclk              |   0.000|
             |        11.915(R)|      SLOW  |         4.041(R)|      FAST  |tft_clk_buf       |   0.000|
tft_blue<7>  |        12.591(R)|      SLOW  |         4.012(R)|      FAST  |cclk              |   0.000|
             |        11.900(R)|      SLOW  |         4.011(R)|      FAST  |tft_clk_buf       |   0.000|
tft_clk      |         5.427(R)|      SLOW  |         1.936(R)|      FAST  |tft_clk_buf       |   0.000|
             |         5.365(R)|      SLOW  |         1.870(R)|      FAST  |tft_clk_buf_n     |   0.000|
tft_data_ena |         9.511(R)|      SLOW  |         3.871(R)|      FAST  |tft_clk_buf       |   0.000|
tft_display  |         5.370(R)|      SLOW  |         1.874(R)|      FAST  |tft_clk_buf       |   0.000|
tft_green<5> |        11.773(R)|      SLOW  |         3.543(R)|      FAST  |cclk              |   0.000|
             |        11.082(R)|      SLOW  |         3.542(R)|      FAST  |tft_clk_buf       |   0.000|
tft_green<6> |        11.912(R)|      SLOW  |         3.596(R)|      FAST  |cclk              |   0.000|
             |        11.221(R)|      SLOW  |         3.595(R)|      FAST  |tft_clk_buf       |   0.000|
tft_red<5>   |        12.989(R)|      SLOW  |         4.316(R)|      FAST  |cclk              |   0.000|
             |        12.298(R)|      SLOW  |         4.315(R)|      FAST  |tft_clk_buf       |   0.000|
tft_red<6>   |        12.728(R)|      SLOW  |         4.179(R)|      FAST  |cclk              |   0.000|
             |        12.037(R)|      SLOW  |         4.178(R)|      FAST  |tft_clk_buf       |   0.000|
tft_red<7>   |        12.721(R)|      SLOW  |         4.173(R)|      FAST  |cclk              |   0.000|
             |        12.030(R)|      SLOW  |         4.172(R)|      FAST  |tft_clk_buf       |   0.000|
tft_vdd      |        10.111(R)|      SLOW  |         4.346(R)|      FAST  |tft_clk_buf       |   0.000|
touch_clk    |         7.520(R)|      SLOW  |         3.205(R)|      FAST  |cclk              |   0.000|
touch_csb    |         5.285(R)|      SLOW  |         1.779(R)|      FAST  |cclk              |   0.000|
touch_data_in|         6.990(R)|      SLOW  |         2.819(R)|      FAST  |cclk              |   0.000|
-------------+-----------------+------------+-----------------+------------+------------------+--------+

Clock to Setup on destination clock unbuf_clk
---------------+---------+---------+---------+---------+
               | Src:Rise| Src:Fall| Src:Rise| Src:Fall|
Source Clock   |Dest:Rise|Dest:Rise|Dest:Fall|Dest:Fall|
---------------+---------+---------+---------+---------+
unbuf_clk      |    6.539|         |         |         |
---------------+---------+---------+---------+---------+


Analysis completed Mon Nov 03 12:40:05 2014 
--------------------------------------------------------------------------------

Trace Settings:
-------------------------
Trace Settings 

Peak Memory Usage: 163 MB



