--------------------------------------------------------------------------------
Release 13.2 Trace  (nt)
Copyright (c) 1995-2011 Xilinx, Inc.  All rights reserved.

C:\Xilinx\13.2\ISE_DS\ISE\bin\nt\unwrapped\trce.exe -intstyle ise -v 3 -s 2 -n
3 -fastpaths -xml main.twx main.ncd -o main.twr main.pcf -ucf atlys.ucf

Design file:              main.ncd
Physical constraint file: main.pcf
Device,package,speed:     xc6slx45,csg324,C,-2 (PRODUCTION 1.19 2011-06-20)
Report level:             verbose report

Environment Variable      Effect 
--------------------      ------ 
NONE                      No environment variables were set
--------------------------------------------------------------------------------

INFO:Timing:2698 - No timing constraints found, doing default enumeration.
INFO:Timing:2752 - To get complete path coverage, use the unconstrained paths 
   option. All paths that are not constrained will be reported in the 
   unconstrained paths section(s) of the report.
INFO:Timing:3339 - The clock-to-out numbers in this timing report are based on 
   a 50 Ohm transmission line loading model.  For the details of this model, 
   and for more information on accounting for different loading conditions, 
   please see the device datasheet.



Data Sheet report:
-----------------
All values displayed in nanoseconds (ns)

Setup/Hold to clock unbuf_clk
--------------+------------+------------+------------+------------+------------------+--------+
              |Max Setup to|  Process   |Max Hold to |  Process   |                  | Clock  |
Source        | clk (edge) |   Corner   | clk (edge) |   Corner   |Internal Clock(s) | Phase  |
--------------+------------+------------+------------+------------+------------------+--------+
rstb          |    7.831(R)|      SLOW  |   -1.895(R)|      FAST  |cclk              |   0.000|
              |    6.859(R)|      SLOW  |   -0.401(R)|      FAST  |tft_clk_buf       |   0.000|
touch_data_out|    4.963(R)|      SLOW  |   -2.093(R)|      FAST  |cclk              |   0.000|
--------------+------------+------------+------------+------------+------------------+--------+

Clock unbuf_clk to Pad
-------------+-----------------+------------+-----------------+------------+------------------+--------+
             |Max (slowest) clk|  Process   |Min (fastest) clk|  Process   |                  | Clock  |
Destination  |  (edge) to PAD  |   Corner   |  (edge) to PAD  |   Corner   |Internal Clock(s) | Phase  |
-------------+-----------------+------------+-----------------+------------+------------------+--------+
tft_blue<5>  |        13.387(R)|      SLOW  |         4.186(R)|      FAST  |cclk              |   0.000|
             |        11.944(R)|      SLOW  |         4.289(R)|      FAST  |tft_clk_buf       |   0.000|
tft_blue<6>  |        13.239(R)|      SLOW  |         4.124(R)|      FAST  |cclk              |   0.000|
             |        11.796(R)|      SLOW  |         4.227(R)|      FAST  |tft_clk_buf       |   0.000|
tft_blue<7>  |        13.203(R)|      SLOW  |         4.088(R)|      FAST  |cclk              |   0.000|
             |        11.760(R)|      SLOW  |         4.191(R)|      FAST  |tft_clk_buf       |   0.000|
tft_clk      |         5.427(R)|      SLOW  |         1.936(R)|      FAST  |tft_clk_buf       |   0.000|
             |         5.365(R)|      SLOW  |         1.870(R)|      FAST  |tft_clk_buf_n     |   0.000|
tft_data_ena |         9.987(R)|      SLOW  |         4.053(R)|      FAST  |tft_clk_buf       |   0.000|
tft_display  |         5.370(R)|      SLOW  |         1.874(R)|      FAST  |tft_clk_buf       |   0.000|
tft_green<5> |        12.573(R)|      SLOW  |         3.713(R)|      FAST  |cclk              |   0.000|
             |        11.130(R)|      SLOW  |         3.816(R)|      FAST  |tft_clk_buf       |   0.000|
tft_green<6> |        12.712(R)|      SLOW  |         3.766(R)|      FAST  |cclk              |   0.000|
             |        11.269(R)|      SLOW  |         3.869(R)|      FAST  |tft_clk_buf       |   0.000|
tft_red<5>   |        13.790(R)|      SLOW  |         4.487(R)|      FAST  |cclk              |   0.000|
             |        12.347(R)|      SLOW  |         4.590(R)|      FAST  |tft_clk_buf       |   0.000|
tft_red<6>   |        13.529(R)|      SLOW  |         4.350(R)|      FAST  |cclk              |   0.000|
             |        12.086(R)|      SLOW  |         4.453(R)|      FAST  |tft_clk_buf       |   0.000|
tft_red<7>   |        13.521(R)|      SLOW  |         4.343(R)|      FAST  |cclk              |   0.000|
             |        12.078(R)|      SLOW  |         4.446(R)|      FAST  |tft_clk_buf       |   0.000|
tft_vdd      |        10.111(R)|      SLOW  |         4.346(R)|      FAST  |tft_clk_buf       |   0.000|
touch_clk    |         7.228(R)|      SLOW  |         2.993(R)|      FAST  |cclk              |   0.000|
touch_csb    |         5.285(R)|      SLOW  |         1.779(R)|      FAST  |cclk              |   0.000|
touch_data_in|         6.703(R)|      SLOW  |         2.650(R)|      FAST  |cclk              |   0.000|
-------------+-----------------+------------+-----------------+------------+------------------+--------+

Clock to Setup on destination clock unbuf_clk
---------------+---------+---------+---------+---------+
               | Src:Rise| Src:Fall| Src:Rise| Src:Fall|
Source Clock   |Dest:Rise|Dest:Rise|Dest:Fall|Dest:Fall|
---------------+---------+---------+---------+---------+
unbuf_clk      |    6.231|         |         |         |
---------------+---------+---------+---------+---------+


Analysis completed Mon Nov 03 12:55:43 2014 
--------------------------------------------------------------------------------

Trace Settings:
-------------------------
Trace Settings 

Peak Memory Usage: 164 MB



