--------------------------------------------------------------------------------
Release 13.4 Trace  (nt64)
Copyright (c) 1995-2011 Xilinx, Inc.  All rights reserved.

E:\xilinx_install\ISE_DS\ISE\bin\nt64\unwrapped\trce.exe -intstyle ise -v 3 -s
2 -n 3 -fastpaths -xml main.twx main.ncd -o main.twr main.pcf -ucf atlys.ucf

Design file:              main.ncd
Physical constraint file: main.pcf
Device,package,speed:     xc6slx45,csg324,C,-2 (PRODUCTION 1.21 2012-01-07)
Report level:             verbose report

Environment Variable      Effect 
--------------------      ------ 
NONE                      No environment variables were set
--------------------------------------------------------------------------------

INFO:Timing:2698 - No timing constraints found, doing default enumeration.
INFO:Timing:3412 - To improve timing, see the Timing Closure User Guide (UG612).
INFO:Timing:2752 - To get complete path coverage, use the unconstrained paths 
   option. All paths that are not constrained will be reported in the 
   unconstrained paths section(s) of the report.
INFO:Timing:3339 - The clock-to-out numbers in this timing report are based on 
   a 50 Ohm transmission line loading model.  For the details of this model, 
   and for more information on accounting for different loading conditions, 
   please see the device datasheet.



Data Sheet report:
-----------------
All values displayed in nanoseconds (ns)

Setup/Hold to clock unbuf_clk
--------------+------------+------------+------------+------------+------------------+--------+
              |Max Setup to|  Process   |Max Hold to |  Process   |                  | Clock  |
Source        | clk (edge) |   Corner   | clk (edge) |   Corner   |Internal Clock(s) | Phase  |
--------------+------------+------------+------------+------------+------------------+--------+
button_center |    8.846(R)|      SLOW  |   -3.843(R)|      FAST  |tft_clk_buf       |   0.000|
rstb          |   13.103(R)|      SLOW  |   -1.745(R)|      FAST  |cclk              |   0.000|
              |   11.210(R)|      SLOW  |   -0.476(R)|      FAST  |tft_clk_buf       |   0.000|
touch_data_out|    6.655(R)|      SLOW  |   -3.268(R)|      FAST  |cclk              |   0.000|
--------------+------------+------------+------------+------------+------------------+--------+

Clock unbuf_clk to Pad
-------------+-----------------+------------+-----------------+------------+------------------+--------+
             |Max (slowest) clk|  Process   |Min (fastest) clk|  Process   |                  | Clock  |
Destination  |  (edge) to PAD  |   Corner   |  (edge) to PAD  |   Corner   |Internal Clock(s) | Phase  |
-------------+-----------------+------------+-----------------+------------+------------------+--------+
led<0>       |         8.424(R)|      SLOW  |         3.298(R)|      FAST  |cclk              |   0.000|
led<2>       |         9.033(R)|      SLOW  |         4.290(R)|      FAST  |tft_clk_buf       |   0.000|
led<3>       |         8.867(R)|      SLOW  |         4.169(R)|      FAST  |tft_clk_buf       |   0.000|
led<4>       |         8.825(R)|      SLOW  |         4.163(R)|      FAST  |tft_clk_buf       |   0.000|
led<5>       |        13.893(R)|      SLOW  |         7.045(R)|      FAST  |tft_clk_buf       |   0.000|
led<6>       |        10.218(R)|      SLOW  |         4.946(R)|      FAST  |tft_clk_buf       |   0.000|
led<7>       |        10.016(R)|      SLOW  |         4.807(R)|      FAST  |tft_clk_buf       |   0.000|
tft_blue<5>  |        19.401(R)|      SLOW  |         5.124(R)|      FAST  |tft_clk_buf       |   0.000|
tft_blue<6>  |        19.724(R)|      SLOW  |         4.794(R)|      FAST  |tft_clk_buf       |   0.000|
tft_blue<7>  |        18.588(R)|      SLOW  |         4.547(R)|      FAST  |tft_clk_buf       |   0.000|
tft_clk      |         5.365(R)|      SLOW  |         1.864(R)|      FAST  |tft_clk_buf       |   0.000|
             |         5.427(R)|      SLOW  |         1.942(R)|      FAST  |tft_clk_buf_n     |   0.000|
tft_data_ena |        11.500(R)|      SLOW  |         4.773(R)|      FAST  |tft_clk_buf       |   0.000|
tft_display  |         5.308(R)|      SLOW  |         1.802(R)|      FAST  |tft_clk_buf       |   0.000|
tft_green<5> |        20.823(R)|      SLOW  |         4.800(R)|      FAST  |tft_clk_buf       |   0.000|
tft_green<6> |        18.515(R)|      SLOW  |         4.845(R)|      FAST  |tft_clk_buf       |   0.000|
tft_green<7> |        18.300(R)|      SLOW  |         4.556(R)|      FAST  |tft_clk_buf       |   0.000|
tft_red<5>   |        18.532(R)|      SLOW  |         5.102(R)|      FAST  |tft_clk_buf       |   0.000|
tft_red<6>   |        19.103(R)|      SLOW  |         5.113(R)|      FAST  |tft_clk_buf       |   0.000|
tft_red<7>   |        19.106(R)|      SLOW  |         5.179(R)|      FAST  |tft_clk_buf       |   0.000|
tft_vdd      |        10.056(R)|      SLOW  |         4.258(R)|      FAST  |tft_clk_buf       |   0.000|
touch_clk    |         9.270(R)|      SLOW  |         4.162(R)|      FAST  |cclk              |   0.000|
touch_csb    |         5.347(R)|      SLOW  |         1.851(R)|      FAST  |cclk              |   0.000|
touch_data_in|         8.141(R)|      SLOW  |         3.489(R)|      FAST  |cclk              |   0.000|
-------------+-----------------+------------+-----------------+------------+------------------+--------+

Clock to Setup on destination clock unbuf_clk
---------------+---------+---------+---------+---------+
               | Src:Rise| Src:Fall| Src:Rise| Src:Fall|
Source Clock   |Dest:Rise|Dest:Rise|Dest:Fall|Dest:Fall|
---------------+---------+---------+---------+---------+
unbuf_clk      |   15.977|         |         |         |
---------------+---------+---------+---------+---------+

Pad to Pad
---------------+---------------+---------+
Source Pad     |Destination Pad|  Delay  |
---------------+---------------+---------+
button_center  |led<1>         |   14.842|
---------------+---------------+---------+


Analysis completed Wed Nov 05 07:52:38 2014 
--------------------------------------------------------------------------------

Trace Settings:
-------------------------
Trace Settings 

Peak Memory Usage: 284 MB



